File is written by LVS v11.20 on 9/21/2005 10:31:02 AM.
Node and elements after first round of iterations.

Perfectly matched nodes
=======================

File: XOR2_Open.spc             <==>  xor2.sp                       
========================
I2                              <==>  I2                            
Out                             <==>  Out                           
I3                              <==>  I3                            
Vdd                             <==>  Vdd                           
GROUND                          <==>  GROUND                        
I1                              <==>  I1                            
-----------------------

Other nodes
=======================

-----------------------
I5                            
I4                            
	I4                            
	I5                            
A                             
	A                             
	B                             
10                            
B                             

-----------------------


Perfectly matched elements
=======================

File: XOR2_Open.spc             <==>  xor2.sp                       
=======================
M4                              <==>  M4                            
M3                              <==>  M3                            
M5                              <==>  M5                            
M11                             <==>  M11                           
M6                              <==>  M6                            
-----------------------

Other elements
=======================

-----------------------
M9                            
M10                           
	M10                           
	M9                            
M7                            
M8                            
	M7                            
	M8                            
M1                            
M2                            
	M2                            
	M1                            

-----------------------

==============================================================================

