File is written by LVS v11.20 on 9/21/2005 10:13:16 AM.
Node and elements after first round of iterations.

Perfectly matched nodes
=======================

File: xor2.spc                  <==>  xor2.sp                       
========================
I4                              <==>  I4                            
I5                              <==>  I5                            
B                               <==>  B                             
A                               <==>  A                             
I2                              <==>  I2                            
Out                             <==>  Out                           
I3                              <==>  I3                            
Vdd                             <==>  Vdd                           
GROUND                          <==>  GROUND                        
I1                              <==>  I1                            
-----------------------

Other nodes
=======================

-----------------------

-----------------------


Perfectly matched elements
=======================

File: xor2.spc                  <==>  xor2.sp                       
=======================
M8                              <==>  M8                            
M7                              <==>  M7                            
M10                             <==>  M10                           
M9                              <==>  M9                            
M4                              <==>  M4                            
M1                              <==>  M1                            
M2                              <==>  M2                            
M3                              <==>  M3                            
M5                              <==>  M5                            
M11                             <==>  M11                           
M6                              <==>  M6                            
-----------------------

Other elements
=======================

-----------------------

-----------------------

==============================================================================

