File is written by LVS v12.60 on 7/12/2007 3:49:38 PM.
Node and elements after first round of iterations.

Perfectly matched nodes
=======================

File: lights.spc                <==>  lights.sp                     
========================
10                              <==>  N_2(XXR4/)                    
209                             <==>  N_2(XXL4/)                    
18                              <==>  N_2(XXT2/)                    
218                             <==>  N_2(XXB2/)                    
24                              <==>  N_2(XXT3/)                    
212                             <==>  N_2(XXB3/)                    
11                              <==>  N_1(XXR4/)                    
210                             <==>  N_1(XXL4/)                    
19                              <==>  N_1(XXT2/)                    
219                             <==>  N_1(XXB2/)                    
14                              <==>  N_2(XXT1/)                    
206                             <==>  N_2(XXB1/)                    
38                              <==>  OEB(XXL1/XX1/)                
77                              <==>  OEB(XXL2/XX1/)                
122                             <==>  N_2(XXR2/)                    
152                             <==>  N_2(XXR1/)                    
25                              <==>  N_1(XXT3/)                    
213                             <==>  N_1(XXB3/)                    
15                              <==>  N_1(XXT1/)                    
223                             <==>  N_1(XXB1/)                    
12                              <==>  N_3(XXR4/)                    
208                             <==>  N_3(XXL4/)                    
20                              <==>  N_3(XXT2/)                    
217                             <==>  N_3(XXB2/)                    
82                              <==>  10(XX1/XX4/)                  
128                             <==>  10(XX1/XX3/)                  
84                              <==>  8(XX1/XX4/)                   
130                             <==>  8(XX1/XX3/)                   
180                             <==>  8(XX1/XX2/)                   
37                              <==>  N_1(XXL1/XX1/)                
121                             <==>  N_1(XXL2/XX1/)                
78                              <==>  N_2(XXL2/XX1/)                
27                              <==>  N_2(XXL1/XX1/)                
124                             <==>  N_1(XXR2/)                    
153                             <==>  N_1(XXR1/)                    
16                              <==>  N_3(XXT1/)                    
222                             <==>  N_3(XXB1/)                    
26                              <==>  N_3(XXT3/)                    
211                             <==>  N_3(XXB3/)                    
3                               <==>  PAD_T2                        
220                             <==>  PAD_B2                        
29                              <==>  PAD_R4                        
169                             <==>  PAD_L4                        
176                             <==>  10(XX1/XX2/)                  
86                              <==>  11(XX1/XX4/)                  
133                             <==>  11(XX1/XX3/)                  
98                              <==>  6(XX1/XX4/)                   
134                             <==>  6(XX1/XX3/)                   
88                              <==>  4(XX1/XX4/)                   
144                             <==>  4(XX1/XX3/)                   
145                             <==>  3(XX1/XX3/)                   
158                             <==>  3(XX1/XX2/)                   
83                              <==>  13(XX1/XX4/)                  
129                             <==>  13(XX1/XX3/)                  
178                             <==>  13(XX1/XX2/)                  
97                              <==>  9(XX1/XX4/)                   
135                             <==>  9(XX1/XX3/)                   
131                             <==>  14(XX1/XX3/)                  
174                             <==>  14(XX1/XX2/)                  
Core/U7/X1:X3/Q                 <==>  N_2(XX1/)                     
Core/U8/X1:X2/Q                 <==>  N_1(XX1/)                     
32                              <==>  OEB(XXR4/XX1/)                
199                             <==>  OEB(XXL4/XX1/)                
17                              <==>  OEB(XXT2/XX1/)                
203                             <==>  OEB(XXB2/XX1/)                
95                              <==>  7(XX1/XX4/)                   
132                             <==>  7(XX1/XX3/)                   
179                             <==>  7(XX1/XX2/)                   
191                             <==>  8(XX1/XX1/)                   
28                              <==>  PAD_L1                        
79                              <==>  PAD_L2                        
125                             <==>  N_3(XXR2/)                    
171                             <==>  N_3(XXR1/)                    
8                               <==>  PAD_T3                        
226                             <==>  PAD_B3                        
1                               <==>  PAD_T1                        
227                             <==>  PAD_B1                        
31                              <==>  N_2(XXR4/XX1/)                
168                             <==>  N_2(XXL4/XX1/)                
4                               <==>  N_2(XXT2/XX1/)                
221                             <==>  N_2(XXB2/XX1/)                
155                             <==>  11(XX1/XX2/)                  
52                              <==>  10(XX1/XX5/)                  
58                              <==>  10(XX1/XX6/)                  
104                             <==>  10(XX1/XX7/)                  
184                             <==>  10(XX1/XX1/)                  
157                             <==>  6(XX1/XX2/)                   
181                             <==>  4(XX1/XX2/)                   
91                              <==>  C(XX1/XX4/)                   
139                             <==>  C(XX1/XX3/)                   
177                             <==>  C(XX1/XX2/)                   
99                              <==>  3(XX1/XX4/)                   
90                              <==>  CB(XX1/XX4/)                  
138                             <==>  CB(XX1/XX3/)                  
81                              <==>  12(XX1/XX4/)                  
127                             <==>  12(XX1/XX3/)                  
175                             <==>  12(XX1/XX2/)                  
156                             <==>  9(XX1/XX2/)                   
Core/U2/X1:N_15                 <==>  N_15(XX1/)                    
Core/U3/X1:N_14                 <==>  N_14(XX1/)                    
85                              <==>  14(XX1/XX4/)                  
Core/U6/X1:X4/Q                 <==>  N_17                          
5                               <==>  N_1(XXT2/XX1/)                
205                             <==>  N_1(XXB2/XX1/)                
30                              <==>  N_1(XXR4/XX1/)                
198                             <==>  N_1(XXL4/XX1/)                
9                               <==>  OEB(XXT1/XX1/)                
224                             <==>  OEB(XXB1/XX1/)                
22                              <==>  OEB(XXT3/XX1/)                
215                             <==>  OEB(XXB3/XX1/)                
94                              <==>  5(XX1/XX4/)                   
143                             <==>  5(XX1/XX3/)                   
183                             <==>  5(XX1/XX2/)                   
190                             <==>  7(XX1/XX1/)                   
105                             <==>  8(XX1/XX7/)                   
60                              <==>  8(XX1/XX6/)                   
48                              <==>  8(XX1/XX5/)                   
Frame/XL2/DataInUnBuf           <==>  N_3                           
Frame/XL1/DataInUnBuf           <==>  N_10                          
150                             <==>  PAD_R2                        
202                             <==>  PAD_R1                        
Core/N_15                       <==>  N_15                          
Core/N_7                        <==>  N_7                           
Core/N_8                        <==>  N_8                           
Core/N_12                       <==>  N_12                          
21                              <==>  N_2(XXT3/XX1/)                
216                             <==>  N_2(XXB3/XX1/)                
13                              <==>  N_2(XXT1/XX1/)                
207                             <==>  N_2(XXB1/XX1/)                
96                              <==>  11(XX1/XX7/)                  
63                              <==>  11(XX1/XX6/)                  
43                              <==>  11(XX1/XX5/)                  
161                             <==>  11(XX1/XX1/)                  
167                             <==>  1(XX1/XX17/)                  
73                              <==>  1(XX1/XX16/)                  
109                             <==>  6(XX1/XX7/)                   
65                              <==>  6(XX1/XX6/)                   
51                              <==>  6(XX1/XX5/)                   
162                             <==>  6(XX1/XX1/)                   
101                             <==>  4(XX1/XX7/)                   
54                              <==>  4(XX1/XX6/)                   
44                              <==>  4(XX1/XX5/)                   
192                             <==>  4(XX1/XX1/)                   
186                             <==>  C(XX1/XX1/)                   
164                             <==>  3(XX1/XX1/)                   
182                             <==>  CB(XX1/XX2/)                  
110                             <==>  9(XX1/XX7/)                   
35                              <==>  9(XX1/XX6/)                   
34                              <==>  9(XX1/XX5/)                   
163                             <==>  9(XX1/XX1/)                   
Core/U1/X1:N_16                 <==>  N_16(XX1/)                    
23                              <==>  N_1(XXT3/XX1/)                
214                             <==>  N_1(XXB3/XX1/)                
2                               <==>  N_1(XXT1/XX1/)                
225                             <==>  N_1(XXB1/XX1/)                
123                             <==>  OEB(XXR2/XX1/)                
172                             <==>  OEB(XXR1/XX1/)                
193                             <==>  5(XX1/XX1/)                   
107                             <==>  7(XX1/XX7/)                   
62                              <==>  7(XX1/XX6/)                   
50                              <==>  7(XX1/XX5/)                   
92                              <==>  13(XX1/XX7/)                  
59                              <==>  13(XX1/XX6/)                  
41                              <==>  13(XX1/XX5/)                  
187                             <==>  13(XX1/XX1/)                  
Frame/XL1/DataInB               <==>  N_6                           
Core/U5/X1:X5/Q                 <==>  N_18                          
Frame/XL2/DataInB               <==>  N_5                           
Core/N_1                        <==>  N_1                           
154                             <==>  N_2(XXR2/XX1/)                
201                             <==>  N_2(XXR1/XX1/)                
53                              <==>  3(XX1/XX5/)                   
66                              <==>  3(XX1/XX6/)                   
74                              <==>  1(XX1/XX8/)                   
72                              <==>  2(XX1/XX16/)                  
111                             <==>  3(XX1/XX7/)                   
108                             <==>  1(XX1/XX15/)                  
117                             <==>  1(XX1/XX12/)                  
149                             <==>  1(XX1/XX9/)                   
148                             <==>  1(XX1/XX11/)                  
166                             <==>  2(XX1/XX17/)                  
46                              <==>  C(XX1/XX5/)                   
56                              <==>  C(XX1/XX6/)                   
Core/U1/X1:N_11                 <==>  N_11(XX1/)                    
103                             <==>  C(XX1/XX7/)                   
Core/U3/X1:N_10                 <==>  N_10(XX1/)                    
45                              <==>  CB(XX1/XX5/)                  
57                              <==>  CB(XX1/XX6/)                  
102                             <==>  CB(XX1/XX7/)                  
185                             <==>  CB(XX1/XX1/)                  
Core/N_16                       <==>  N_16                          
Core/U6/X1:X15/Out1             <==>  N_4(XX1/)                     
Core/N_11                       <==>  N_11                          
Core/U6/X1:X13/Out1             <==>  N_6(XX1/)                     
Core/U7/X1:X14/Out1             <==>  N_5(XX1/)                     
Core/U1/N_20                    <==>  N_20                          
Core/U2/X1:N_12                 <==>  N_12(XX1/)                    
Core/U3/X1:N_9                  <==>  N_9(XX1/)                     
151                             <==>  N_1(XXR2/XX1/)                
170                             <==>  N_1(XXR1/XX1/)                
Core/U5/X1:X16/Out1             <==>  N_8(XX1/)                     
Core/U8/X1:X17/Out1             <==>  N_7(XX1/)                     
Core/N_14                       <==>  N_14                          
Core/N_9                        <==>  N_9                           
40                              <==>  12(XX1/XX5/)                  
55                              <==>  12(XX1/XX6/)                  
89                              <==>  12(XX1/XX7/)                  
189                             <==>  12(XX1/XX1/)                  
42                              <==>  14(XX1/XX5/)                  
49                              <==>  5(XX1/XX5/)                   
47                              <==>  14(XX1/XX6/)                  
61                              <==>  5(XX1/XX6/)                   
93                              <==>  14(XX1/XX7/)                  
106                             <==>  5(XX1/XX7/)                   
116                             <==>  1(XX1/XX13/)                  
142                             <==>  1(XX1/XX14/)                  
141                             <==>  1(XX1/XX10/)                  
140                             <==>  2(XX1/XX10/)                  
188                             <==>  14(XX1/XX1/)                  
Core/U1/X1:N_13                 <==>  N_13(XX1/)                    
Core/U1/N_19                    <==>  N_19                          
Core/U7/X1:X10/Out1             <==>  N_3(XX1/)                     
Core/N_13                       <==>  N_13                          
Core/N_2                        <==>  N_2                           
Core/Vdd                        <==>  Vdd                           
Core/N_4                        <==>  N_4                           
Core/Gnd                        <==>  GROUND                        
-----------------------

Other nodes
=======================

-----------------------

-----------------------


Perfectly matched elements
=======================

File: lights.spc                <==>  lights.sp                     
=======================
M42_Merged_Elements             <==>  MN5(XXT2/XX1)                 
M665_Merged_Elements            <==>  MN5(XXB2/XX1)                 
M120_Merged_Elements            <==>  MP5(XXT2/XX1)                 
M593_Merged_Elements            <==>  MP5(XXB2/XX1)                 
M63_Merged_Elements             <==>  MN5(XXR4/XX1)                 
M630_Merged_Elements            <==>  MN5(XXL4/XX1)                 
M84_Merged_Elements             <==>  MP5(XXR4/XX1)                 
M623_Merged_Elements            <==>  MP5(XXL4/XX1)                 
M510                            <==>  MN13(XX1/XX2)                 
M403                            <==>  MN13(XX1/XX3)                 
M302                            <==>  MN13(XX1/XX4)                 
M591_Merged_Elements            <==>  MP4(XXB2/XX1)                 
M115_Merged_Elements            <==>  MP4(XXT2/XX1)                 
M660_Merged_Elements            <==>  MN4(XXB2/XX1)                 
M35_Merged_Elements             <==>  MN4(XXT2/XX1)                 
M622_Merged_Elements            <==>  MP4(XXL4/XX1)                 
M81_Merged_Elements             <==>  MP4(XXR4/XX1)                 
M628_Merged_Elements            <==>  MN4(XXL4/XX1)                 
M62_Merged_Elements             <==>  MN4(XXR4/XX1)                 
M17_Merged_Elements             <==>  MN5(XXT1/XX1)                 
M695_Merged_Elements            <==>  MN5(XXB1/XX1)                 
M91_Merged_Elements             <==>  MP5(XXT1/XX1)                 
M614_Merged_Elements            <==>  MP5(XXB1/XX1)                 
M60_Merged_Elements             <==>  MN5(XXT3/XX1)                 
M640_Merged_Elements            <==>  MN5(XXB3/XX1)                 
M136_Merged_Elements            <==>  MP5(XXT3/XX1)                 
M576_Merged_Elements            <==>  MP5(XXB3/XX1)                 
M202                            <==>  MN7(XXL1/XX1)                 
M361                            <==>  MN7(XXL2/XX1)                 
M191                            <==>  MP7(XXL1/XX1)                 
M351                            <==>  MP7(XXL2/XX1)                 
M304                            <==>  MN3(XX1/XX4)                  
M405                            <==>  MN3(XX1/XX3)                  
M511                            <==>  MN3(XX1/XX2)                  
M518                            <==>  MN13(XX1/XX1)                 
M662                            <==>  MN7(XXB2/XX1)                 
M37                             <==>  MN7(XXT2/XX1)                 
M589                            <==>  MP7(XXB2/XX1)                 
M114                            <==>  MP7(XXT2/XX1)                 
M544                            <==>  MN7(XXL4/XX1)                 
M162                            <==>  MN7(XXR4/XX1)                 
M534                            <==>  MP7(XXL4/XX1)                 
M178                            <==>  MP7(XXR4/XX1)                 
M407                            <==>  MN27(XX1/XX3)                 
M503                            <==>  MN27(XX1/XX2)                 
M390                            <==>  MP9(XX1/XX3)                  
M292                            <==>  MP9(XX1/XX4)                  
M309                            <==>  MN19(XX1/XX4)                 
M410                            <==>  MN19(XX1/XX3)                 
M514                            <==>  MN19(XX1/XX2)                 
M294                            <==>  MP14(XX1/XX4)                 
M392                            <==>  MP14(XX1/XX3)                 
M303                            <==>  MN14(XX1/XX4)                 
M404                            <==>  MN14(XX1/XX3)                 
M393                            <==>  MP4(XX1/XX3)                  
M295                            <==>  MP4(XX1/XX4)                  
M300                            <==>  MP27(XX1/XX4)                 
M400                            <==>  MP27(XX1/XX3)                 
C4                              <==>  CC1(XXR4/XX1/XX1)             
C11                             <==>  CC1(XXL4/XX1/XX1)             
R4                              <==>  RR1(XXR4/XX1)                 
R9                              <==>  RR1(XXL4/XX1)                 
C2                              <==>  CC1(XXT2/XX1/XX1)             
C13                             <==>  CC1(XXB2/XX1/XX1)             
R2                              <==>  RR1(XXT2/XX1)                 
R11                             <==>  RR1(XXB2/XX1)                 
M633_Merged_Elements            <==>  MN4(XXB3/XX1)                 
M56_Merged_Elements             <==>  MN4(XXT3/XX1)                 
M572_Merged_Elements            <==>  MP4(XXB3/XX1)                 
M133_Merged_Elements            <==>  MP4(XXT3/XX1)                 
M686_Merged_Elements            <==>  MN4(XXB1/XX1)                 
M11_Merged_Elements             <==>  MN4(XXT1/XX1)                 
M613_Merged_Elements            <==>  MP4(XXB1/XX1)                 
M90_Merged_Elements             <==>  MP4(XXT1/XX1)                 
M433_Merged_Elements            <==>  MN5(XXR1/XX1)                 
M376_Merged_Elements            <==>  MN5(XXR2/XX1)                 
M442_Merged_Elements            <==>  MP5(XXR1/XX1)                 
M389_Merged_Elements            <==>  MP5(XXR2/XX1)                 
M189_Merged_Elements            <==>  MP6(XXL1/XX1)                 
M268_Merged_Elements            <==>  MP6(XXL2/XX1)                 
M192_Merged_Elements            <==>  MP2(XXL1/XX1)_Merged_Elements 
M352_Merged_Elements            <==>  MP1(XXL2/XX1)_Merged_Elements 
M201                            <==>  MN6(XXL1/XX1)                 
M362                            <==>  MN6(XXL2/XX1)                 
M206                            <==>  MN1(XXL1/XX1)                 
M364                            <==>  MN1(XXL2/XX1)                 
M198                            <==>  MN2(XXL1/XX1)                 
M281                            <==>  MN2(XXL2/XX1)                 
M347                            <==>  MN13(XX1/XX7)                 
M261                            <==>  MN13(XX1/XX6)                 
M240                            <==>  MN13(XX1/XX5)                 
M519                            <==>  MN3(XX1/XX1)                  
M401                            <==>  MN4(XX1/XX3)                  
M515                            <==>  MN4(XX1/XX2)                  
M322                            <==>  MN4(XX1/XX4)                  
M418                            <==>  MN2(XX1/XX3)                  
M326                            <==>  MN2(XX1/XX4)                  
M506                            <==>  MN1(XX1/XX2)                  
M415                            <==>  MN1(XX1/XX3)                  
M97_Merged_Elements             <==>  MP6(XXT2/XX1)                 
M598_Merged_Elements            <==>  MP6(XXB2/XX1)                 
M21                             <==>  MN2(XXT2/XX1)                 
M658                            <==>  MN2(XXB2/XX1)                 
M532_Merged_Elements            <==>  MP6(XXL4/XX1)                 
M175_Merged_Elements            <==>  MP6(XXR4/XX1)                 
M542                            <==>  MN2(XXL4/XX1)                 
M160                            <==>  MN2(XXR4/XX1)                 
M45                             <==>  MN7(XXT3/XX1)                 
M635                            <==>  MN7(XXB3/XX1)                 
M126                            <==>  MP7(XXT3/XX1)                 
M570                            <==>  MP7(XXB3/XX1)                 
M13                             <==>  MN7(XXT1/XX1)                 
M689                            <==>  MN7(XXB1/XX1)                 
M88                             <==>  MP7(XXT1/XX1)                 
M610                            <==>  MP7(XXB1/XX1)                 
M543                            <==>  MN6(XXL4/XX1)                 
M161                            <==>  MN6(XXR4/XX1)                 
M166_Merged_Elements            <==>  MN3(XXR4/XX1)                 
M545_Merged_Elements            <==>  MN3(XXL4/XX1)                 
M38                             <==>  MN6(XXT2/XX1)                 
M661                            <==>  MN6(XXB2/XX1)                 
M677_Merged_Elements            <==>  MN3(XXB2/XX1)                 
M23_Merged_Elements             <==>  MN3(XXT2/XX1)                 
M306                            <==>  MN27(XX1/XX4)                 
M445                            <==>  MP17(XX1/XX2)                 
M394                            <==>  MP17(XX1/XX3)                 
M296                            <==>  MP17(XX1/XX4)                 
M502                            <==>  MN15(XX1/XX2)                 
M406                            <==>  MN15(XX1/XX3)                 
M305                            <==>  MN15(XX1/XX4)                 
M446                            <==>  MP22(XX1/XX2)                 
M395                            <==>  MP22(XX1/XX3)                 
M504                            <==>  MN17(XX1/XX2)                 
M402                            <==>  MN17(XX1/XX3)                 
M449                            <==>  MP2(XX1/XX2)                  
M411                            <==>  MP2(XX1/XX3)                  
M396                            <==>  MP28(XX1/XX3)                 
M447                            <==>  MP28(XX1/XX2)                 
M444                            <==>  MP29(XX1/XX2)                 
M391                            <==>  MP29(XX1/XX3)                 
M313                            <==>  MP11(XX1/XX4)                 
M413                            <==>  MP11(XX1/XX3)                 
M325                            <==>  MN11(XX1/XX4)                 
M417                            <==>  MN11(XX1/XX3)                 
M315                            <==>  MP13(XX1/XX4)                 
M399                            <==>  MP13(XX1/XX3)                 
M454                            <==>  MP9(XX1/XX2)                  
M299                            <==>  MP26(XX1/XX4)                 
M397                            <==>  MP26(XX1/XX3)                 
M308                            <==>  MN18(XX1/XX4)                 
M409                            <==>  MN18(XX1/XX3)                 
M513                            <==>  MN18(XX1/XX2)                 
M398                            <==>  MP3(XX1/XX3)                  
M314                            <==>  MP3(XX1/XX4)                  
M312                            <==>  MP12(XX1/XX4)                 
M412                            <==>  MP12(XX1/XX3)                 
M324                            <==>  MN12(XX1/XX4)                 
M416                            <==>  MN12(XX1/XX3)                 
M310                            <==>  MP1(XX1/XX4)                  
M448                            <==>  MP1(XX1/XX2)                  
M414                            <==>  MP1(XX1/XX3)                  
M452                            <==>  MP14(XX1/XX2)                 
M509                            <==>  MN14(XX1/XX2)                 
M453                            <==>  MP4(XX1/XX2)                  
M458                            <==>  MP27(XX1/XX2)                 
M99                             <==>  MP2(XXT2/XX1)                 
M590                            <==>  MP2(XXB2/XX1)                 
M109_Merged_Elements            <==>  MP3(XXT2/XX1)                 
M669_Merged_Elements            <==>  MP3(XXB2/XX1)                 
M177                            <==>  MP2(XXR4/XX1)                 
M535                            <==>  MP2(XXL4/XX1)                 
M156_Merged_Elements            <==>  MP3(XXR4/XX1)                 
M539_Merged_Elements            <==>  MP3(XXL4/XX1)                 
C1                              <==>  CC1(XXT1/XX1/XX1)             
C14                             <==>  CC1(XXB1/XX1/XX1)             
R1                              <==>  RR1(XXT1/XX1)                 
R12                             <==>  RR1(XXB1/XX1)                 
C3                              <==>  CC1(XXT3/XX1/XX1)             
C12                             <==>  CC1(XXB3/XX1/XX1)             
R3                              <==>  RR1(XXT3/XX1)                 
R10                             <==>  RR1(XXB3/XX1)                 
M384_Merged_Elements            <==>  MP4(XXR2/XX1)                 
M498_Merged_Elements            <==>  MP4(XXR1/XX1)                 
M370_Merged_Elements            <==>  MN4(XXR2/XX1)                 
M481_Merged_Elements            <==>  MN4(XXR1/XX1)                 
C7                              <==>  CC1(XXL2/XX1/XX1)             
C5                              <==>  CC1(XXL1/XX1/XX1)             
M143_Merged_Elements            <==>  MP3(XXL1/XX1)                 
M274_Merged_Elements            <==>  MP3(XXL2/XX1)                 
M204_Merged_Elements            <==>  MN3(XXL1/XX1)                 
M288_Merged_Elements            <==>  MN3(XXL2/XX1)                 
M266                            <==>  MN19(XX1/XX6)                 
M526                            <==>  MN19(XX1/XX1)                 
M224                            <==>  MN19(XX1/XX5)                 
M332                            <==>  MN19(XX1/XX7)                 
M262                            <==>  MN3(XX1/XX6)                  
M241                            <==>  MN3(XX1/XX5)                  
M348                            <==>  MN3(XX1/XX7)                  
M527                            <==>  MN4(XX1/XX1)                  
M323                            <==>  MN1(XX1/XX4)                  
M512                            <==>  MN2(XX1/XX2)                  
M373                            <==>  MN7(XXR2/XX1)                 
M484                            <==>  MN7(XXR1/XX1)                 
M383                            <==>  MP7(XXR2/XX1)                 
M497                            <==>  MP7(XXR1/XX1)                 
M43                             <==>  MN2(XXT3/XX1)                 
M646                            <==>  MN2(XXB3/XX1)                 
M124_Merged_Elements            <==>  MP6(XXT3/XX1)                 
M579_Merged_Elements            <==>  MP6(XXB3/XX1)                 
M685                            <==>  MN2(XXB1/XX1)                 
M1                              <==>  MN2(XXT1/XX1)                 
M609_Merged_Elements            <==>  MP6(XXB1/XX1)                 
M69_Merged_Elements             <==>  MP6(XXT1/XX1)                 
M692_Merged_Elements            <==>  MN3(XXB1/XX1)                 
M3_Merged_Elements              <==>  MN3(XXT1/XX1)                 
M14                             <==>  MN6(XXT1/XX1)                 
M688                            <==>  MN6(XXB1/XX1)                 
M44                             <==>  MN6(XXT3/XX1)                 
M636                            <==>  MN6(XXB3/XX1)                 
M653_Merged_Elements            <==>  MN3(XXB3/XX1)                 
M50_Merged_Elements             <==>  MN3(XXT3/XX1)                 
M553                            <==>  MN1(XXL4/XX1)                 
M172                            <==>  MN1(XXR4/XX1)                 
M664                            <==>  MN1(XXB2/XX1)                 
M32                             <==>  MN1(XXT2/XX1)                 
M293                            <==>  MP29(XX1/XX4)                 
M297                            <==>  MP22(XX1/XX4)                 
M298                            <==>  MP28(XX1/XX4)                 
M301                            <==>  MN17(XX1/XX4)                 
M505                            <==>  MN16(XX1/XX2)                 
M307                            <==>  MN16(XX1/XX4)                 
M408                            <==>  MN16(XX1/XX3)                 
M311                            <==>  MP2(XX1/XX4)                  
M338                            <==>  MP9(XX1/XX7)                  
M183                            <==>  MP9(XX1/XX5)                  
M185                            <==>  MP9(XX1/XX6)                  
M462                            <==>  MP9(XX1/XX1)                  
M457                            <==>  MP13(XX1/XX2)                 
M455                            <==>  MP26(XX1/XX2)                 
M450                            <==>  MP12(XX1/XX2)                 
M456                            <==>  MP3(XX1/XX2)                  
M507                            <==>  MN12(XX1/XX2)                 
M460                            <==>  MP1(XX1/XX1)                  
M250                            <==>  MP14(XX1/XX6)                 
M337                            <==>  MP14(XX1/XX7)                 
M464                            <==>  MP14(XX1/XX1)                 
M229                            <==>  MP14(XX1/XX5)                 
M260                            <==>  MN14(XX1/XX6)                 
M346                            <==>  MN14(XX1/XX7)                 
M517                            <==>  MN14(XX1/XX1)                 
M239                            <==>  MN14(XX1/XX5)                 
M230                            <==>  MP4(XX1/XX5)                  
M339                            <==>  MP4(XX1/XX7)                  
M251                            <==>  MP4(XX1/XX6)                  
M465                            <==>  MP4(XX1/XX1)                  
M_Core/U5/X1:X16/M2             <==>  MMP1(XX1/XX16)                
M_Core/U8/X1:X17/M2             <==>  MMP1(XX1/XX17)                
M255                            <==>  MP27(XX1/XX6)                 
M471                            <==>  MP27(XX1/XX1)                 
M218                            <==>  MP27(XX1/XX5)                 
M321                            <==>  MP27(XX1/XX7)                 
M699_Merged_Elements            <==>  MP3(XXB1/XX1)                 
M77_Merged_Elements             <==>  MP3(XXT1/XX1)                 
M611                            <==>  MP2(XXB1/XX1)                 
M87                             <==>  MP2(XXT1/XX1)                 
M125                            <==>  MP2(XXT3/XX1)                 
M581                            <==>  MP2(XXB3/XX1)                 
M643_Merged_Elements            <==>  MP3(XXB3/XX1)                 
M130_Merged_Elements            <==>  MP3(XXT3/XX1)                 
M530_Merged_Elements            <==>  MP1(XXL4/XX1)                 
M173_Merged_Elements            <==>  MP1(XXR4/XX1)                 
M96_Merged_Elements             <==>  MP1(XXT2/XX1)                 
M587_Merged_Elements            <==>  MP1(XXB2/XX1)                 
C8                              <==>  CC1(XXR2/XX1/XX1)             
C10                             <==>  CC1(XXR1/XX1/XX1)             
R7                              <==>  RR1(XXR2/XX1)                 
R8                              <==>  RR1(XXR1/XX1)                 
R6                              <==>  RR1(XXL2/XX1)                 
R5                              <==>  RR1(XXL1/XX1)                 
M221                            <==>  MN27(XX1/XX5)                 
M331                            <==>  MN18(XX1/XX7)                 
M525                            <==>  MN18(XX1/XX1)                 
M223                            <==>  MN18(XX1/XX5)                 
M265                            <==>  MN18(XX1/XX6)                 
M_Core/U7/X1:X10/M8             <==>  MN3(XX1/XX10)                 
M522                            <==>  MN27(XX1/XX1)                 
M342                            <==>  MN4(XX1/XX7)                  
M235                            <==>  MN4(XX1/XX5)                  
M256                            <==>  MN4(XX1/XX6)                  
M349                            <==>  MN2(XX1/XX7)                  
M242                            <==>  MN2(XX1/XX5)                  
M263                            <==>  MN2(XX1/XX6)                  
M520                            <==>  MN2(XX1/XX1)                  
M523                            <==>  MN17(XX1/XX1)                 
M516                            <==>  MN1(XX1/XX1)                  
M329                            <==>  MN27(XX1/XX7)                 
M_Core/U6/X1:X13/M4             <==>  MN2(XX1/XX13)                 
M343                            <==>  MN1(XX1/XX7)                  
M_Core/U7/X1:X14/M4             <==>  MN2(XX1/XX14)                 
M_Core/U7/X1:X14/M5             <==>  MN1(XX1/XX14)                 
M_Core/U6/X1:X13/M5             <==>  MN1(XX1/XX13)                 
M214                            <==>  MP17(XX1/XX5)                 
M220                            <==>  MN15(XX1/XX5)                 
M253                            <==>  MP26(XX1/XX6)                 
M217                            <==>  MP26(XX1/XX5)                 
M468                            <==>  MP26(XX1/XX1)                 
M320                            <==>  MP26(XX1/XX7)                 
M524                            <==>  MN16(XX1/XX1)                 
M467                            <==>  MP28(XX1/XX1)                 
M121_Merged_Elements            <==>  MP1(XXT3/XX1)                 
M577_Merged_Elements            <==>  MP1(XXB3/XX1)                 
M657                            <==>  MN1(XXB3/XX1)                 
M54                             <==>  MN1(XXT3/XX1)                 
M_Core/U7/X1:X11/M1             <==>  MP1(XX1/XX11)                 
M_Core/U6/X1:X12/M1             <==>  MP1(XX1/XX12)                 
M_Core/U6/X1:X12/M3             <==>  MN1(XX1/XX12)                 
M_Core/U7/X1:X11/M3             <==>  MN1(XX1/XX11)                 
M_Core/U8/X1:X17/M4             <==>  MMP2(XX1/XX17)                
M_Core/U5/X1:X16/M4             <==>  MMP2(XX1/XX16)                
M_Core/U8/X1:X17/M8             <==>  MMN2(XX1/XX17)                
M_Core/U5/X1:X16/M8             <==>  MMN2(XX1/XX16)                
M_Core/U8/X1:X17/M5             <==>  MMN4(XX1/XX17)                
M_Core/U5/X1:X16/M5             <==>  MMN4(XX1/XX16)                
M_Core/U8/X1:X17/M6             <==>  MMN1(XX1/XX17)                
M_Core/U5/X1:X16/M6             <==>  MMN1(XX1/XX16)                
M_Core/U8/X1:X17/M1             <==>  MMP4(XX1/XX17)                
M_Core/U5/X1:X16/M1             <==>  MMP4(XX1/XX16)                
M372                            <==>  MN6(XXR2/XX1)                 
M483                            <==>  MN6(XXR1/XX1)                 
M494_Merged_Elements            <==>  MP6(XXR1/XX1)                 
M435_Merged_Elements            <==>  MP6(XXR2/XX1)                 
M16                             <==>  MN1(XXT1/XX1)                 
M694                            <==>  MN1(XXB1/XX1)                 
M369                            <==>  MN2(XXR2/XX1)                 
M480                            <==>  MN2(XXR1/XX1)                 
M487_Merged_Elements            <==>  MN3(XXR1/XX1)                 
M424_Merged_Elements            <==>  MN3(XXR2/XX1)                 
M461                            <==>  MP2(XX1/XX1)                  
M463                            <==>  MP29(XX1/XX1)                 
M451                            <==>  MP11(XX1/XX2)                 
M228                            <==>  MP11(XX1/XX5)                 
M508                            <==>  MN11(XX1/XX2)                 
M238                            <==>  MN11(XX1/XX5)                 
M_Core/U5/X1:X8/M3              <==>  MN1(XX1/XX8)                  
M_Core/U7/X1:X9/M4              <==>  MN2(XX1/XX9)                  
M_Core/U6/X1:X13/M2             <==>  MP1(XX1/XX13)                 
M_Core/U7/X1:X14/M2             <==>  MP1(XX1/XX14)                 
M_Core/U6/X1:X13/M3             <==>  MP3(XX1/XX13)                 
M_Core/U7/X1:X14/M3             <==>  MP3(XX1/XX14)                 
M_Core/U6/X1:X13/M6             <==>  MN3(XX1/XX13)                 
M_Core/U7/X1:X14/M6             <==>  MN3(XX1/XX14)                 
M86_Merged_Elements             <==>  MP1(XXT1/XX1)                 
M606_Merged_Elements            <==>  MP1(XXB1/XX1)                 
M340                            <==>  MP3(XX1/XX7)                  
M231                            <==>  MP3(XX1/XX5)                  
M254                            <==>  MP3(XX1/XX6)                  
M470                            <==>  MP13(XX1/XX1)                 
M184                            <==>  MP13(XX1/XX5)                 
M186                            <==>  MP13(XX1/XX6)                 
M469                            <==>  MP3(XX1/XX1)                  
M341                            <==>  MP13(XX1/XX7)                 
M227                            <==>  MP12(XX1/XX5)                 
M248                            <==>  MP12(XX1/XX6)                 
M335                            <==>  MP12(XX1/XX7)                 
M472                            <==>  MP12(XX1/XX1)                 
M237                            <==>  MN12(XX1/XX5)                 
M258                            <==>  MN12(XX1/XX6)                 
M344                            <==>  MN12(XX1/XX7)                 
M528                            <==>  MN12(XX1/XX1)                 
M225                            <==>  MP1(XX1/XX5)                  
M246                            <==>  MP1(XX1/XX6)                  
M333                            <==>  MP1(XX1/XX7)                  
M247                            <==>  MP2(XX1/XX6)                  
M_Core/U6/X1:X15/M1             <==>  MMP1(XX1/XX15)                
M_Core/U5/X1:X8/M2              <==>  MP2(XX1/XX8)                  
M_Core/U6/X1:X12/M2             <==>  MP2(XX1/XX12)                 
M334                            <==>  MP2(XX1/XX7)                  
M382                            <==>  MP2(XXR2/XX1)                 
M496                            <==>  MP2(XXR1/XX1)                 
M419_Merged_Elements            <==>  MP3(XXR2/XX1)                 
M558_Merged_Elements            <==>  MP3(XXR1/XX1)                 
M194_Merged_Elements            <==>  MP4(XXL1/XX1)                 
M354_Merged_Elements            <==>  MP4(XXL2/XX1)                 
M199_Merged_Elements            <==>  MN4(XXL1/XX1)                 
M360_Merged_Elements            <==>  MN4(XXL2/XX1)                 
M291_Merged_Elements            <==>  MN5(XXL1/XX1)                 
M_Core/U6/X1:X12/M4             <==>  MN2(XX1/XX12)                 
M_Core/U5/X1:X8/M4              <==>  MN2(XX1/XX8)                  
M_Core/U7/X1:X11/M4             <==>  MN2(XX1/XX11)                 
M367_Merged_Elements            <==>  MN5(XXL2/XX1)                 
M330                            <==>  MN16(XX1/XX7)                 
M_Core/U6/X1:X15/M4             <==>  MMN2(XX1/XX15)                
M327                            <==>  MN17(XX1/XX7)                 
M_Core/U5/X1:X16/M7             <==>  MMN3(XX1/XX16)                
M219                            <==>  MN17(XX1/XX5)                 
M222                            <==>  MN16(XX1/XX5)                 
M375                            <==>  MN1(XXR2/XX1)                 
M529                            <==>  MN11(XX1/XX1)                 
M_Core/U7/X1:X10/M5             <==>  MN4(XX1/XX10)                 
M264                            <==>  MN16(XX1/XX6)                 
M_Core/U7/X1:X10/M6             <==>  MN1(XX1/XX10)                 
M521                            <==>  MN15(XX1/XX1)                 
M_Core/U7/X1:X9/M3              <==>  MN1(XX1/XX9)                  
M243                            <==>  MN17(XX1/XX6)                 
M236                            <==>  MN1(XX1/XX5)                  
M257                            <==>  MN1(XX1/XX6)                  
M328                            <==>  MN15(XX1/XX7)                 
M489                            <==>  MN1(XXR1/XX1)                 
M244                            <==>  MN15(XX1/XX6)                 
M345                            <==>  MN11(XX1/XX7)                 
M245                            <==>  MN27(XX1/XX6)                 
M_Core/U7/X1:X10/M7             <==>  MN2(XX1/XX10)                 
M_Core/U6/X1:X15/M5             <==>  MMN3(XX1/XX15)                
M_Core/U6/X1:X15/M6             <==>  MMN1(XX1/XX15)                
M_Core/U8/X1:X17/M7             <==>  MMN3(XX1/XX17)                
M259                            <==>  MN11(XX1/XX6)                 
M215                            <==>  MP22(XX1/XX5)                 
M275_Merged_Elements            <==>  MP5(XXL1/XX1)                 
M355_Merged_Elements            <==>  MP5(XXL2/XX1)                 
M_Core/U7/X1:X9/M1              <==>  MP1(XX1/XX9)                  
M_Core/U8/X1:X17/M3             <==>  MMP3(XX1/XX17)                
M380_Merged_Elements            <==>  MP1(XXR2/XX1)                 
M473                            <==>  MP11(XX1/XX1)                 
M_Core/U7/X1:X9/M2              <==>  MP2(XX1/XX9)                  
M_Core/U7/X1:X10/M1             <==>  MP4(XX1/XX10)                 
M_Core/U6/X1:X13/M1             <==>  MP2(XX1/XX13)                 
M459                            <==>  MP17(XX1/XX1)                 
M318                            <==>  MP22(XX1/XX7)                 
M316                            <==>  MP29(XX1/XX7)                 
M213                            <==>  MP29(XX1/XX5)                 
M317                            <==>  MP17(XX1/XX7)                 
M_Core/U7/X1:X11/M2             <==>  MP2(XX1/XX11)                 
M493_Merged_Elements            <==>  MP1(XXR1/XX1)                 
M216                            <==>  MP28(XX1/XX5)                 
M_Core/U7/X1:X14/M1             <==>  MP2(XX1/XX14)                 
M233                            <==>  MP17(XX1/XX6)                 
M336                            <==>  MP11(XX1/XX7)                 
M_Core/U5/X1:X8/M1              <==>  MP1(XX1/XX8)                  
M_Core/U7/X1:X10/M4             <==>  MP1(XX1/XX10)                 
M226                            <==>  MP2(XX1/XX5)                  
M_Core/U7/X1:X10/M2             <==>  MP3(XX1/XX10)                 
M_Core/U7/X1:X10/M3             <==>  MP2(XX1/XX10)                 
M319                            <==>  MP28(XX1/XX7)                 
M466                            <==>  MP22(XX1/XX1)                 
M234                            <==>  MP22(XX1/XX6)                 
M232                            <==>  MP29(XX1/XX6)                 
M_Core/U6/X1:X15/M2             <==>  MMP3(XX1/XX15)                
M_Core/U5/X1:X16/M3             <==>  MMP3(XX1/XX16)                
M_Core/U6/X1:X15/M3             <==>  MMP2(XX1/XX15)                
M249                            <==>  MP11(XX1/XX6)                 
M252                            <==>  MP28(XX1/XX6)                 
C6                              <==>  CC1(XXR3)                     
-----------------------

Other elements
=======================

-----------------------

-----------------------

==============================================================================

